// Jest Snapshot v1, https://goo.gl/fbAQLP

exports[`PageHeader snapshot renders 1`] = `
<div
  className="MuiBox-root MuiBox-root-2"
>
  <h2
    className="MuiTypography-root MuiTypography-h2 MuiTypography-alignLeft"
  >
    <div>
      Hello
    </div>
  </h2>
</div>
`;
