// Jest Snapshot v1, https://goo.gl/fbAQLP

exports[`PageBody snapshot renders 1`] = `
<div
  className="MuiBox-root MuiBox-root-2"
>
  <div>
    Hello
  </div>
</div>
`;
